Archive member included to satisfy reference by file (symbol)

G:/STM32CubeIDE_2.2.0/STM32CubeIDE/plugins/com.st.stm32cube.ide.mcu.externaltools.gnu-tools-for-stm32.14.3.rel1.win32_1.0.100.202602081740/tools/bin/../lib/gcc/arm-none-eabi/14.3.1/../../../../arm-none-eabi/lib/thumb/v8-m.main+fp/hard\libc_nano.a(libc_a-exit.o)
                              G:/STM32CubeIDE_2.2.0/STM32CubeIDE/plugins/com.st.stm32cube.ide.mcu.externaltools.gnu-tools-for-stm32.14.3.rel1.win32_1.0.100.202602081740/tools/bin/../lib/gcc/arm-none-eabi/14.3.1/../../../../arm-none-eabi/lib/thumb/v8-m.main+fp/hard/crt0.o (exit)
G:/STM32CubeIDE_2.2.0/STM32CubeIDE/plugins/com.st.stm32cube.ide.mcu.externaltools.gnu-tools-for-stm32.14.3.rel1.win32_1.0.100.202602081740/tools/bin/../lib/gcc/arm-none-eabi/14.3.1/../../../../arm-none-eabi/lib/thumb/v8-m.main+fp/hard\libc_nano.a(libc_a-findfp.o)
                              G:/STM32CubeIDE_2.2.0/STM32CubeIDE/plugins/com.st.stm32cube.ide.mcu.externaltools.gnu-tools-for-stm32.14.3.rel1.win32_1.0.100.202602081740/tools/bin/../lib/gcc/arm-none-eabi/14.3.1/../../../../arm-none-eabi/lib/thumb/v8-m.main+fp/hard\libc_nano.a(libc_a-exit.o) (__stdio_exit_handler)
G:/STM32CubeIDE_2.2.0/STM32CubeIDE/plugins/com.st.stm32cube.ide.mcu.externaltools.gnu-tools-for-stm32.14.3.rel1.win32_1.0.100.202602081740/tools/bin/../lib/gcc/arm-none-eabi/14.3.1/../../../../arm-none-eabi/lib/thumb/v8-m.main+fp/hard\libc_nano.a(libc_a-fwalk.o)
                              G:/STM32CubeIDE_2.2.0/STM32CubeIDE/plugins/com.st.stm32cube.ide.mcu.externaltools.gnu-tools-for-stm32.14.3.rel1.win32_1.0.100.202602081740/tools/bin/../lib/gcc/arm-none-eabi/14.3.1/../../../../arm-none-eabi/lib/thumb/v8-m.main+fp/hard\libc_nano.a(libc_a-findfp.o) (_fwalk_sglue)
G:/STM32CubeIDE_2.2.0/STM32CubeIDE/plugins/com.st.stm32cube.ide.mcu.externaltools.gnu-tools-for-stm32.14.3.rel1.win32_1.0.100.202602081740/tools/bin/../lib/gcc/arm-none-eabi/14.3.1/../../../../arm-none-eabi/lib/thumb/v8-m.main+fp/hard\libc_nano.a(libc_a-stdio.o)
                              G:/STM32CubeIDE_2.2.0/STM32CubeIDE/plugins/com.st.stm32cube.ide.mcu.externaltools.gnu-tools-for-stm32.14.3.rel1.win32_1.0.100.202602081740/tools/bin/../lib/gcc/arm-none-eabi/14.3.1/../../../../arm-none-eabi/lib/thumb/v8-m.main+fp/hard\libc_nano.a(libc_a-findfp.o) (__sread)
G:/STM32CubeIDE_2.2.0/STM32CubeIDE/plugins/com.st.stm32cube.ide.mcu.externaltools.gnu-tools-for-stm32.14.3.rel1.win32_1.0.100.202602081740/tools/bin/../lib/gcc/arm-none-eabi/14.3.1/../../../../arm-none-eabi/lib/thumb/v8-m.main+fp/hard\libc_nano.a(libc_a-memset.o)
                              G:/STM32CubeIDE_2.2.0/STM32CubeIDE/plugins/com.st.stm32cube.ide.mcu.externaltools.gnu-tools-for-stm32.14.3.rel1.win32_1.0.100.202602081740/tools/bin/../lib/gcc/arm-none-eabi/14.3.1/../../../../arm-none-eabi/lib/thumb/v8-m.main+fp/hard/crt0.o (memset)
G:/STM32CubeIDE_2.2.0/STM32CubeIDE/plugins/com.st.stm32cube.ide.mcu.externaltools.gnu-tools-for-stm32.14.3.rel1.win32_1.0.100.202602081740/tools/bin/../lib/gcc/arm-none-eabi/14.3.1/../../../../arm-none-eabi/lib/thumb/v8-m.main+fp/hard\libc_nano.a(libc_a-closer.o)
                              G:/STM32CubeIDE_2.2.0/STM32CubeIDE/plugins/com.st.stm32cube.ide.mcu.externaltools.gnu-tools-for-stm32.14.3.rel1.win32_1.0.100.202602081740/tools/bin/../lib/gcc/arm-none-eabi/14.3.1/../../../../arm-none-eabi/lib/thumb/v8-m.main+fp/hard\libc_nano.a(libc_a-stdio.o) (_close_r)
G:/STM32CubeIDE_2.2.0/STM32CubeIDE/plugins/com.st.stm32cube.ide.mcu.externaltools.gnu-tools-for-stm32.14.3.rel1.win32_1.0.100.202602081740/tools/bin/../lib/gcc/arm-none-eabi/14.3.1/../../../../arm-none-eabi/lib/thumb/v8-m.main+fp/hard\libc_nano.a(libc_a-reent.o)
                              G:/STM32CubeIDE_2.2.0/STM32CubeIDE/plugins/com.st.stm32cube.ide.mcu.externaltools.gnu-tools-for-stm32.14.3.rel1.win32_1.0.100.202602081740/tools/bin/../lib/gcc/arm-none-eabi/14.3.1/../../../../arm-none-eabi/lib/thumb/v8-m.main+fp/hard\libc_nano.a(libc_a-closer.o) (errno)
G:/STM32CubeIDE_2.2.0/STM32CubeIDE/plugins/com.st.stm32cube.ide.mcu.externaltools.gnu-tools-for-stm32.14.3.rel1.win32_1.0.100.202602081740/tools/bin/../lib/gcc/arm-none-eabi/14.3.1/../../../../arm-none-eabi/lib/thumb/v8-m.main+fp/hard\libc_nano.a(libc_a-impure.o)
                              G:/STM32CubeIDE_2.2.0/STM32CubeIDE/plugins/com.st.stm32cube.ide.mcu.externaltools.gnu-tools-for-stm32.14.3.rel1.win32_1.0.100.202602081740/tools/bin/../lib/gcc/arm-none-eabi/14.3.1/../../../../arm-none-eabi/lib/thumb/v8-m.main+fp/hard\libc_nano.a(libc_a-reent.o) (_impure_ptr)
G:/STM32CubeIDE_2.2.0/STM32CubeIDE/plugins/com.st.stm32cube.ide.mcu.externaltools.gnu-tools-for-stm32.14.3.rel1.win32_1.0.100.202602081740/tools/bin/../lib/gcc/arm-none-eabi/14.3.1/../../../../arm-none-eabi/lib/thumb/v8-m.main+fp/hard\libc_nano.a(libc_a-lseekr.o)
[...]
Memory Configuration

Name             Origin             Length             Attributes
RAM              0x20000000         0x000c0000         xrw
SRAM4            0x28000000         0x00004000         xrw
FLASH            0x08000000         0x00100000         xr
*default*        0x00000000         0xffffffff

Linker script and memory map

LOAD G:/STM32CubeIDE_2.2.0/STM32CubeIDE/plugins/com.st.stm32cube.ide.mcu.externaltools.gnu-tools-for-stm32.14.3.rel1.win32_1.0.100.202602081740/tools/bin/../lib/gcc/arm-none-eabi/14.3.1/thumb/v8-m.main+fp/hard/crti.o
LOAD G:/STM32CubeIDE_2.2.0/STM32CubeIDE/plugins/com.st.stm32cube.ide.mcu.externaltools.gnu-tools-for-stm32.14.3.rel1.win32_1.0.100.202602081740/tools/bin/../lib/gcc/arm-none-eabi/14.3.1/thumb/v8-m.main+fp/hard/crtbegin.o
LOAD G:/STM32CubeIDE_2.2.0/STM32CubeIDE/plugins/com.st.stm32cube.ide.mcu.externaltools.gnu-tools-for-stm32.14.3.rel1.win32_1.0.100.202602081740/tools/bin/../lib/gcc/arm-none-eabi/14.3.1/../../../../arm-none-eabi/lib/thumb/v8-m.main+fp/hard/crt0.o
LOAD ./Core/Src/main.o
LOAD ./Core/Src/stm32u5xx_hal_msp.o
LOAD ./Core/Src/stm32u5xx_it.o
LOAD ./Core/Src/syscalls.o
LOAD ./Core/Src/sysmem.o
LOAD ./Core/Src/system_stm32u5xx.o
LOAD ./Core/Startup/startup_stm32u575vgtx.o
LOAD ./Drivers/STM32U5xx_HAL_Driver/Src/stm32u5xx_hal.o
LOAD ./Drivers/STM32U5xx_HAL_Driver/Src/stm32u5xx_hal_cortex.o
LOAD ./Drivers/STM32U5xx_HAL_Driver/Src/stm32u5xx_hal_dma.o
LOAD ./Drivers/STM32U5xx_HAL_Driver/Src/stm32u5xx_hal_dma_ex.o
LOAD ./Drivers/STM32U5xx_HAL_Driver/Src/stm32u5xx_hal_exti.o
LOAD ./Drivers/STM32U5xx_HAL_Driver/Src/stm32u5xx_hal_flash.o
LOAD ./Drivers/STM32U5xx_HAL_Driver/Src/stm32u5xx_hal_flash_ex.o
LOAD ./Drivers/STM32U5xx_HAL_Driver/Src/stm32u5xx_hal_gpio.o
LOAD ./Drivers/STM32U5xx_HAL_Driver/Src/stm32u5xx_hal_gtzc.o
LOAD ./Drivers/STM32U5xx_HAL_Driver/Src/stm32u5xx_hal_i2c.o
LOAD ./Drivers/STM32U5xx_HAL_Driver/Src/stm32u5xx_hal_i2c_ex.o
LOAD ./Drivers/STM32U5xx_HAL_Driver/Src/stm32u5xx_hal_icache.o
LOAD ./Drivers/STM32U5xx_HAL_Driver/Src/stm32u5xx_hal_pwr.o
LOAD ./Drivers/STM32U5xx_HAL_Driver/Src/stm32u5xx_hal_pwr_ex.o
LOAD ./Drivers/STM32U5xx_HAL_Driver/Src/stm32u5xx_hal_rcc.o
LOAD ./Drivers/STM32U5xx_HAL_Driver/Src/stm32u5xx_hal_rcc_ex.o
START GROUP
LOAD G:/STM32CubeIDE_2.2.0/STM32CubeIDE/plugins/com.st.stm32cube.ide.mcu.externaltools.gnu-tools-for-stm32.14.3.rel1.win32_1.0.100.202602081740/tools/bin/../lib/gcc/arm-none-eabi/14.3.1/../../../../arm-none-eabi/lib/thumb/v8-m.main+fp/hard\libc_nano.a
LOAD G:/STM32CubeIDE_2.2.0/STM32CubeIDE/plugins/com.st.stm32cube.ide.mcu.externaltools.gnu-tools-for-stm32.14.3.rel1.win32_1.0.100.202602081740/tools/bin/../lib/gcc/arm-none-eabi/14.3.1/../../../../arm-none-eabi/lib/thumb/v8-m.main+fp/hard\libm.a
END GROUP
START GROUP
LOAD G:/STM32CubeIDE_2.2.0/STM32CubeIDE/plugins/com.st.stm32cube.ide.mcu.externaltools.gnu-tools-for-stm32.14.3.rel1.win32_1.0.100.202602081740/tools/bin/../lib/gcc/arm-none-eabi/14.3.1/thumb/v8-m.main+fp/hard\libgcc.a
LOAD G:/STM32CubeIDE_2.2.0/STM32CubeIDE/plugins/com.st.stm32cube.ide.mcu.externaltools.gnu-tools-for-stm32.14.3.rel1.win32_1.0.100.202602081740/tools/bin/../lib/gcc/arm-none-eabi/14.3.1/../../../../arm-none-eabi/lib/thumb/v8-m.main+fp/hard\libc_nano.a
END GROUP
START GROUP
LOAD G:/STM32CubeIDE_2.2.0/STM32CubeIDE/plugins/com.st.stm32cube.ide.mcu.externaltools.gnu-tools-for-stm32.14.3.rel1.win32_1.0.100.202602081740/tools/bin/../lib/gcc/arm-none-eabi/14.3.1/thumb/v8-m.main+fp/hard\libgcc.a
LOAD G:/STM32CubeIDE_2.2.0/STM32CubeIDE/plugins/com.st.stm32cube.ide.mcu.externaltools.gnu-tools-for-stm32.14.3.rel1.win32_1.0.100.202602081740/tools/bin/../lib/gcc/arm-none-eabi/14.3.1/../../../../arm-none-eabi/lib/thumb/v8-m.main+fp/hard\libc_nano.a
LOAD G:/STM32CubeIDE_2.2.0/STM32CubeIDE/plugins/com.st.stm32cube.ide.mcu.externaltools.gnu-tools-for-stm32.14.3.rel1.win32_1.0.100.202602081740/tools/bin/../lib/gcc/arm-none-eabi/14.3.1/../../../../arm-none-eabi/lib/thumb/v8-m.main+fp/hard\libnosys.a
END GROUP
START GROUP
LOAD G:/STM32CubeIDE_2.2.0/STM32CubeIDE/plugins/com.st.stm32cube.ide.mcu.externaltools.gnu-tools-for-stm32.14.3.rel1.win32_1.0.100.202602081740/tools/bin/../lib/gcc/arm-none-eabi/14.3.1/thumb/v8-m.main+fp/hard\libgcc.a
LOAD G:/STM32CubeIDE_2.2.0/STM32CubeIDE/plugins/com.st.stm32cube.ide.mcu.externaltools.gnu-tools-for-stm32.14.3.rel1.win32_1.0.100.202602081740/tools/bin/../lib/gcc/arm-none-eabi/14.3.1/../../../../arm-none-eabi/lib/thumb/v8-m.main+fp/hard\libc_nano.a
LOAD G:/STM32CubeIDE_2.2.0/STM32CubeIDE/plugins/com.st.stm32cube.ide.mcu.externaltools.gnu-tools-for-stm32.14.3.rel1.win32_1.0.100.202602081740/tools/bin/../lib/gcc/arm-none-eabi/14.3.1/../../../../arm-none-eabi/lib/thumb/v8-m.main+fp/hard\libnosys.a
END GROUP
LOAD G:/STM32CubeIDE_2.2.0/STM32CubeIDE/plugins/com.st.stm32cube.ide.mcu.externaltools.gnu-tools-for-stm32.14.3.rel1.win32_1.0.100.202602081740/tools/bin/../lib/gcc/arm-none-eabi/14.3.1/thumb/v8-m.main+fp/hard/crtend.o
LOAD G:/STM32CubeIDE_2.2.0/STM32CubeIDE/plugins/com.st.stm32cube.ide.mcu.externaltools.gnu-tools-for-stm32.14.3.rel1.win32_1.0.100.202602081740/tools/bin/../lib/gcc/arm-none-eabi/14.3.1/thumb/v8-m.main+fp/hard/crtn.o
                0x200c0000                        _estack = (ORIGIN (RAM) + LENGTH (RAM))
                0x200bfc00                        _sstack = (_estack - _Min_Stack_Size)
                0x00000200                        _Min_Heap_Size = 0x200
                0x00000400                        _Min_Stack_Size = 0x400

.isr_vector     0x08000000      0x238
 *(.isr_vector)
 .isr_vector    0x08000000      0x238 ./Core/Startup/startup_stm32u575vgtx.o
                0x08000000                g_pfnVectors

.text           0x08000238     0x2250
 *(.text)
 .text          0x08000238       0x40 G:/STM32CubeIDE_2.2.0/STM32CubeIDE/plugins/com.st.stm32cube.ide.mcu.externaltools.gnu-tools-for-stm32.14.3.rel1.win32_1.0.100.202602081740/tools/bin/../lib/gcc/arm-none-eabi/14.3.1/thumb/v8-m.main+fp/hard/crtbegin.o
 *(.text*)
 .text.main     0x08000278       0x34 ./Core/Src/main.o
                0x08000278                main
 .text.SystemClock_Config
                0x080002ac       0x92 ./Core/Src/main.o
                0x080002ac                SystemClock_Config
 *fill*         0x0800033e        0x2 
 .text.MX_GPIO_Init
                0x08000340       0xb4 ./Core/Src/main.o
 .text.Error_Handler
                0x080003f4        0xc ./Core/Src/main.o
                0x080003f4                Error_Handler
 .text.HAL_MspInit
                0x08000400       0x34 ./Core/Src/stm32u5xx_hal_msp.o
                0x08000400                HAL_MspInit
 .text.NMI_Handler
                0x08000434        0x8 ./Core/Src/stm32u5xx_it.o
                0x08000434                NMI_Handler
 .text.HardFault_Handler
                0x0800043c        0x8 ./Core/Src/stm32u5xx_it.o
                0x0800043c                HardFault_Handler
 .text.MemManage_Handler
                0x08000444        0x8 ./Core/Src/stm32u5xx_it.o
                0x08000444                MemManage_Handler
 .text.BusFault_Handler
                0x0800044c        0x8 ./Core/Src/stm32u5xx_it.o
                0x0800044c                BusFault_Handler
 .text.UsageFault_Handler
                0x08000454        0x8 ./Core/Src/stm32u5xx_it.o
                0x08000454                UsageFault_Handler
 .text.SVC_Handler
                0x0800045c        0xe ./Core/Src/stm32u5xx_it.o
                0x0800045c                SVC_Handler
 .text.DebugMon_Handler
                0x0800046a        0xe ./Core/Src/stm32u5xx_it.o
                0x0800046a                DebugMon_Handler
 .text.PendSV_Handler
                0x08000478        0xe ./Core/Src/stm32u5xx_it.o
                0x08000478                PendSV_Handler
 .text.SysTick_Handler
                0x08000486        0xc ./Core/Src/stm32u5xx_it.o
                0x08000486                SysTick_Handler
 *fill*         0x08000492        0x2 
 .text.SystemInit
                0x08000494       0x70 ./Core/Src/system_stm32u5xx.o
                0x08000494                SystemInit
 .text.Reset_Handler
                0x08000504       0x50 ./Core/Startup/startup_stm32u575vgtx.o
                0x08000504                Reset_Handler
 .text.Default_Handler
                0x08000554        0x2 ./Core/Startup/startup_stm32u575vgtx.o
                0x08000554                EXTI2_IRQHandler
                0x08000554                TIM8_TRG_COM_IRQHandler
                0x08000554                TIM8_CC_IRQHandler
                0x08000554                EXTI5_IRQHandler
                0x08000554                FLASH_S_IRQHandler
                0x08000554                EXTI13_IRQHandler
                0x08000554                TIM1_CC_IRQHandler
                0x08000554                TSC_IRQHandler
                0x08000554                TAMP_IRQHandler
                0x08000554                TIM6_IRQHandler
                0x08000554                EXTI12_IRQHandler
                0x08000554                CORDIC_IRQHandler
                0x08000554                EXTI3_IRQHandler
                0x08000554                LPTIM4_IRQHandler
                0x08000554                GPDMA1_Channel5_IRQHandler
                0x08000554                EXTI8_IRQHandler
                0x08000554                LPTIM2_IRQHandler
                0x08000554                I2C3_ER_IRQHandler
                0x08000554                PWR_S3WU_IRQHandler
                0x08000554                MDF1_FLT2_IRQHandler
                0x08000554                LPDMA1_Channel3_IRQHandler
                0x08000554                LPTIM3_IRQHandler
                0x08000554                EXTI0_IRQHandler
                0x08000554                I2C2_EV_IRQHandler
                0x08000554                FPU_IRQHandler
                0x08000554                GPDMA1_Channel3_IRQHandler
                0x08000554                GPDMA1_Channel7_IRQHandler
                0x08000554                MDF1_FLT4_IRQHandler
                0x08000554                FDCAN1_IT1_IRQHandler
                0x08000554                RAMCFG_IRQHandler
                0x08000554                GPDMA1_Channel9_IRQHandler
                0x08000554                DCACHE1_IRQHandler
                0x08000554                SPI1_IRQHandler
                0x08000554                OCTOSPI1_IRQHandler
                0x08000554                GPDMA1_Channel2_IRQHandler
                0x08000554                TIM8_UP_IRQHandler
                0x08000554                RCC_S_IRQHandler
                0x08000554                OCTOSPI2_IRQHandler
                0x08000554                SAI2_IRQHandler
                0x08000554                MDF1_FLT1_IRQHandler
                0x08000554                ADC1_IRQHandler
                0x08000554                MDF1_FLT5_IRQHandler
                0x08000554                EXTI15_IRQHandler
                0x08000554                TIM17_IRQHandler
                0x08000554                USART3_IRQHandler
                0x08000554                RTC_IRQHandler
                0x08000554                EXTI9_IRQHandler
                0x08000554                UART5_IRQHandler
                0x08000554                TIM4_IRQHandler
                0x08000554                I2C1_EV_IRQHandler
                0x08000554                GPDMA1_Channel12_IRQHandler
                0x08000554                GPDMA1_Channel1_IRQHandler
                0x08000554                TIM16_IRQHandler
                0x08000554                GPDMA1_Channel15_IRQHandler
                0x08000554                UART4_IRQHandler
                0x08000554                SecureFault_Handler
                0x08000554                TIM3_IRQHandler
                0x08000554                RCC_IRQHandler
                0x08000554                TIM1_TRG_COM_IRQHandler
                0x08000554                Default_Handler
                0x08000554                GPDMA1_Channel8_IRQHandler
                0x08000554                FMAC_IRQHandler
                0x08000554                GPDMA1_Channel11_IRQHandler
                0x08000554                TIM7_IRQHandler
                0x08000554                SDMMC1_IRQHandler
                0x08000554                TIM5_IRQHandler
                0x08000554                UCPD1_IRQHandler
                0x08000554                GPDMA1_Channel0_IRQHandler
                0x08000554                TIM15_IRQHandler
                0x08000554                I2C3_EV_IRQHandler
                0x08000554                LPDMA1_Channel0_IRQHandler
                0x08000554                PVD_PVM_IRQHandler
                0x08000554                SPI2_IRQHandler
                0x08000554                LPDMA1_Channel1_IRQHandler
                0x08000554                EXTI14_IRQHandler
                0x08000554                EXTI11_IRQHandler
                0x08000554                CRS_IRQHandler
                0x08000554                GPDMA1_Channel14_IRQHandler
                0x08000554                LSECSSD_IRQHandler
                0x08000554                EXTI4_IRQHandler
                0x08000554                RTC_S_IRQHandler
                0x08000554                GPDMA1_Channel13_IRQHandler
                0x08000554                RNG_IRQHandler
                0x08000554                COMP_IRQHandler
                0x08000554                TIM1_UP_IRQHandler
                0x08000554                ADC4_IRQHandler
                0x08000554                WWDG_IRQHandler
                0x08000554                I2C4_EV_IRQHandler
                0x08000554                ADF1_IRQHandler
                0x08000554                IWDG_IRQHandler
                0x08000554                LPUART1_IRQHandler
                0x08000554                MDF1_FLT0_IRQHandler
                0x08000554                FDCAN1_IT0_IRQHandler
                0x08000554                TIM2_IRQHandler
                0x08000554                GPDMA1_Channel4_IRQHandler
                0x08000554                EXTI7_IRQHandler
                0x08000554                DMA2D_IRQHandler
                0x08000554                TIM1_BRK_IRQHandler
                0x08000554                EXTI1_IRQHandler
                0x08000554                SDMMC2_IRQHandler
                0x08000554                DAC1_IRQHandler
                0x08000554                GTZC_IRQHandler
                0x08000554                MDF1_FLT3_IRQHandler
                0x08000554                USART2_IRQHandler
                0x08000554                GPDMA1_Channel6_IRQHandler
                0x08000554                I2C2_ER_IRQHandler
                0x08000554                TIM8_BRK_IRQHandler
                0x08000554                FLASH_IRQHandler
                0x08000554                USART1_IRQHandler
                0x08000554                EXTI10_IRQHandler
                0x08000554                OTG_FS_IRQHandler
                0x08000554                SPI3_IRQHandler
                0x08000554                LPDMA1_Channel2_IRQHandler
                0x08000554                I2C1_ER_IRQHandler
                0x08000554                FMC_IRQHandler
                0x08000554                EXTI6_IRQHandler
                0x08000554                LPTIM1_IRQHandler
                0x08000554                DCMI_PSSI_IRQHandler
                0x08000554                I2C4_ER_IRQHandler
                0x08000554                GPDMA1_Channel10_IRQHandler
                0x08000554                ICACHE_IRQHandler
                0x08000554                SAI1_IRQHandler
                0x08000554                HASH_IRQHandler
 *fill*         0x08000556        0x2 
 .text.HAL_Init
                0x08000558       0x60 ./Drivers/STM32U5xx_HAL_Driver/Src/stm32u5xx_hal.o
                0x08000558                HAL_Init
 .text.HAL_InitTick
                0x080005b8       0xec ./Drivers/STM32U5xx_HAL_Driver/Src/stm32u5xx_hal.o
                0x080005b8                HAL_InitTick
 .text.HAL_IncTick
                0x080006a4       0x28 ./Drivers/STM32U5xx_HAL_Driver/Src/stm32u5xx_hal.o
                0x080006a4                HAL_IncTick
 .text.HAL_GetTick
                0x080006cc       0x18 ./Drivers/STM32U5xx_HAL_Driver/Src/stm32u5xx_hal.o
                0x080006cc                HAL_GetTick
 .text.HAL_Delay
                0x080006e4       0x48 ./Drivers/STM32U5xx_HAL_Driver/Src/stm32u5xx_hal.o
                0x080006e4                HAL_Delay
 .text.__NVIC_SetPriorityGrouping
                0x0800072c       0x48 ./Drivers/STM32U5xx_HAL_Driver/Src/stm32u5xx_hal_cortex.o
 .text.__NVIC_GetPriorityGrouping
                0x08000774       0x1c ./Drivers/STM32U5xx_HAL_Driver/Src/stm32u5xx_hal_cortex.o
 .text.__NVIC_SetPriority
                0x08000790       0x54 ./Drivers/STM32U5xx_HAL_Driver/Src/stm32u5xx_hal_cortex.o
 .text.NVIC_EncodePriority
                0x080007e4       0x66 ./Drivers/STM32U5xx_HAL_Driver/Src/stm32u5xx_hal_cortex.o
 .text.HAL_NVIC_SetPriorityGrouping
                0x0800084a       0x16 ./Drivers/STM32U5xx_HAL_Driver/Src/stm32u5xx_hal_cortex.o
                0x0800084a                HAL_NVIC_SetPriorityGrouping
 .text.HAL_NVIC_SetPriority
                0x08000860       0x34 ./Drivers/STM32U5xx_HAL_Driver/Src/stm32u5xx_hal_cortex.o
                0x08000860                HAL_NVIC_SetPriority
 .text.HAL_SYSTICK_Config
                0x08000894       0x44 ./Drivers/STM32U5xx_HAL_Driver/Src/stm32u5xx_hal_cortex.o
                0x08000894                HAL_SYSTICK_Config
 .text.HAL_SYSTICK_CLKSourceConfig
                0x080008d8       0xb0 ./Drivers/STM32U5xx_HAL_Driver/Src/stm32u5xx_hal_cortex.o
                0x080008d8                HAL_SYSTICK_CLKSourceConfig
 .text.HAL_SYSTICK_GetCLKSourceConfig
                0x08000988       0x74 ./Drivers/STM32U5xx_HAL_Driver/Src/stm32u5xx_hal_cortex.o
                0x08000988                HAL_SYSTICK_GetCLKSourceConfig
 .text.HAL_GPIO_Init
                0x080009fc      0x3c0 ./Drivers/STM32U5xx_HAL_Driver/Src/stm32u5xx_hal_gpio.o
                0x080009fc                HAL_GPIO_Init
 .text.HAL_GPIO_WritePin
                0x08000dbc       0x30 ./Drivers/STM32U5xx_HAL_Driver/Src/stm32u5xx_hal_gpio.o
                0x08000dbc                HAL_GPIO_WritePin
 .text.HAL_GPIO_TogglePin
                0x08000dec       0x34 ./Drivers/STM32U5xx_HAL_Driver/Src/stm32u5xx_hal_gpio.o
                0x08000dec                HAL_GPIO_TogglePin
 .text.HAL_PWREx_ControlVoltageScaling
                0x08000e20       0xfc ./Drivers/STM32U5xx_HAL_Driver/Src/stm32u5xx_hal_pwr_ex.o
                0x08000e20                HAL_PWREx_ControlVoltageScaling
 .text.HAL_PWREx_GetVoltageRange
                0x08000f1c       0x1c ./Drivers/STM32U5xx_HAL_Driver/Src/stm32u5xx_hal_pwr_ex.o
                0x08000f1c                HAL_PWREx_GetVoltageRange
 .text.HAL_RCC_OscConfig
                0x08000f38      0xdb8 ./Drivers/STM32U5xx_HAL_Driver/Src/stm32u5xx_hal_rcc.o
                0x08000f38                HAL_RCC_OscConfig
 .text.HAL_RCC_ClockConfig
                0x08001cf0      0x3e4 ./Drivers/STM32U5xx_HAL_Driver/Src/stm32u5xx_hal_rcc.o
                0x08001cf0                HAL_RCC_ClockConfig
 .text.HAL_RCC_GetSysClockFreq
                0x080020d4      0x204 ./Drivers/STM32U5xx_HAL_Driver/Src/stm32u5xx_hal_rcc.o
                0x080020d4                HAL_RCC_GetSysClockFreq
 .text.HAL_RCC_GetHCLKFreq
                0x080022d8       0x34 ./Drivers/STM32U5xx_HAL_Driver/Src/stm32u5xx_hal_rcc.o
                0x080022d8                HAL_RCC_GetHCLKFreq
 .text.RCC_SetFlashLatencyFromMSIRange
                0x0800230c      0x10c ./Drivers/STM32U5xx_HAL_Driver/Src/stm32u5xx_hal_rcc.o
 .text.memset   0x08002418       0x10 G:/STM32CubeIDE_2.2.0/STM32CubeIDE/plugins/com.st.stm32cube.ide.mcu.externaltools.gnu-tools-for-stm32.14.3.rel1.win32_1.0.100.202602081740/tools/bin/../lib/gcc/arm-none-eabi/14.3.1/../../../../arm-none-eabi/lib/thumb/v8-m.main+fp/hard\libc_nano.a(libc_a-memset.o)
                0x08002418                memset
 .text.__libc_init_array
                0x08002428       0x48 G:/STM32CubeIDE_2.2.0/STM32CubeIDE/plugins/com.st.stm32cube.ide.mcu.externaltools.gnu-tools-for-stm32.14.3.rel1.win32_1.0.100.202602081740/tools/bin/../lib/gcc/arm-none-eabi/14.3.1/../../../../arm-none-eabi/lib/thumb/v8-m.main+fp/hard\libc_nano.a(libc_a-init.o)
                0x08002428                __libc_init_array
 *(.glue_7)
 .glue_7        0x08002470        0x0 linker stubs
 *(.glue_7t)
 .glue_7t       0x08002470        0x0 linker stubs
 *(.eh_frame)
 .eh_frame      0x08002470        0x0 G:/STM32CubeIDE_2.2.0/STM32CubeIDE/plugins/com.st.stm32cube.ide.mcu.externaltools.gnu-tools-for-stm32.14.3.rel1.win32_1.0.100.202602081740/tools/bin/../lib/gcc/arm-none-eabi/14.3.1/thumb/v8-m.main+fp/hard/crtbegin.o
 *(.init)
 .init          0x08002470        0x4 G:/STM32CubeIDE_2.2.0/STM32CubeIDE/plugins/com.st.stm32cube.ide.mcu.externaltools.gnu-tools-for-stm32.14.3.rel1.win32_1.0.100.202602081740/tools/bin/../lib/gcc/arm-none-eabi/14.3.1/thumb/v8-m.main+fp/hard/crti.o
                0x08002470                _init
 .init          0x08002474        0x8 G:/STM32CubeIDE_2.2.0/STM32CubeIDE/plugins/com.st.stm32cube.ide.mcu.externaltools.gnu-tools-for-stm32.14.3.rel1.win32_1.0.100.202602081740/tools/bin/../lib/gcc/arm-none-eabi/14.3.1/thumb/v8-m.main+fp/hard/crtn.o
 *(.fini)
 .fini          0x0800247c        0x4 G:/STM32CubeIDE_2.2.0/STM32CubeIDE/plugins/com.st.stm32cube.ide.mcu.externaltools.gnu-tools-for-stm32.14.3.rel1.win32_1.0.100.202602081740/tools/bin/../lib/gcc/arm-none-eabi/14.3.1/thumb/v8-m.main+fp/hard/crti.o
                0x0800247c                _fini
 .fini          0x08002480        0x8 G:/STM32CubeIDE_2.2.0/STM32CubeIDE/plugins/com.st.stm32cube.ide.mcu.externaltools.gnu-tools-for-stm32.14.3.rel1.win32_1.0.100.202602081740/tools/bin/../lib/gcc/arm-none-eabi/14.3.1/thumb/v8-m.main+fp/hard/crtn.o
                0x08002488                        _etext = .

.vfp11_veneer   0x08002488        0x0
 .vfp11_veneer  0x08002488        0x0 linker stubs

.v4_bx          0x08002488        0x0
 .v4_bx         0x08002488        0x0 linker stubs

.iplt           0x08002488        0x0
 .iplt          0x08002488        0x0 G:/STM32CubeIDE_2.2.0/STM32CubeIDE/plugins/com.st.stm32cube.ide.mcu.externaltools.gnu-tools-for-stm32.14.3.rel1.win32_1.0.100.202602081740/tools/bin/../lib/gcc/arm-none-eabi/14.3.1/thumb/v8-m.main+fp/hard/crtbegin.o

.rodata         0x08002488       0xd0
 *(.rodata)
 *(.rodata*)
 .rodata.AHBPrescTable
                0x08002488       0x10 ./Core/Src/system_stm32u5xx.o
                0x08002488                AHBPrescTable
 .rodata.MSIRangeTable
                0x08002498       0x40 ./Core/Src/system_stm32u5xx.o
                0x08002498                MSIRangeTable
 .rodata.LPGPIO_Map
                0x080024d8       0x80 ./Drivers/STM32U5xx_HAL_Driver/Src/stm32u5xx_hal_gpio.o

.ARM.extab
 *(.ARM.extab* .gnu.linkonce.armextab.*)

.ARM            0x08002558        0x0
                0x08002558                        __exidx_start = .
 *(.ARM.exidx*)
                0x08002558                        __exidx_end = .

.preinit_array  0x08002558        0x0
                0x08002558                        PROVIDE (__preinit_array_start = .)
 *(.preinit_array*)
                0x08002558                        PROVIDE (__preinit_array_end = .)

.init_array     0x08002558        0x4
                0x08002558                        PROVIDE (__init_array_start = .)
 *(SORT_BY_NAME(.init_array.*))
 *(.init_array*)
 .init_array    0x08002558        0x4 G:/STM32CubeIDE_2.2.0/STM32CubeIDE/plugins/com.st.stm32cube.ide.mcu.externaltools.gnu-tools-for-stm32.14.3.rel1.win32_1.0.100.202602081740/tools/bin/../lib/gcc/arm-none-eabi/14.3.1/thumb/v8-m.main+fp/hard/crtbegin.o
                0x0800255c                        PROVIDE (__init_array_end = .)

.fini_array     0x0800255c        0x4
                [!provide]                        PROVIDE (__fini_array_start = .)
 *(SORT_BY_NAME(.fini_array.*))
 *(.fini_array*)
 .fini_array    0x0800255c        0x4 G:/STM32CubeIDE_2.2.0/STM32CubeIDE/plugins/com.st.stm32cube.ide.mcu.externaltools.gnu-tools-for-stm32.14.3.rel1.win32_1.0.100.202602081740/tools/bin/../lib/gcc/arm-none-eabi/14.3.1/thumb/v8-m.main+fp/hard/crtbegin.o
                [!provide]                        PROVIDE (__fini_array_end = .)
                0x08002560                        _sidata = LOADADDR (.data)

.rel.dyn        0x08002560        0x0
 .rel.iplt      0x08002560        0x0 G:/STM32CubeIDE_2.2.0/STM32CubeIDE/plugins/com.st.stm32cube.ide.mcu.externaltools.gnu-tools-for-stm32.14.3.rel1.win32_1.0.100.202602081740/tools/bin/../lib/gcc/arm-none-eabi/14.3.1/thumb/v8-m.main+fp/hard/crtbegin.o

.data           0x20000000        0x9 load address 0x08002560
                0x20000000                        _sdata = .
 *(.data)
 *(.data*)
 .data.SystemCoreClock
                0x20000000        0x4 ./Core/Src/system_stm32u5xx.o
                0x20000000                SystemCoreClock
 .data.uwTickPrio
                0x20000004        0x4 ./Drivers/STM32U5xx_HAL_Driver/Src/stm32u5xx_hal.o
                0x20000004                uwTickPrio
 .data.uwTickFreq
                0x20000008        0x1 ./Drivers/STM32U5xx_HAL_Driver/Src/stm32u5xx_hal.o
                0x20000008                uwTickFreq
 *(.RamFunc)
 *(.RamFunc*)
                0x20000009                        _edata = .

.igot.plt       0x2000000c        0x0 load address 0x08002569
 .igot.plt      0x2000000c        0x0 G:/STM32CubeIDE_2.2.0/STM32CubeIDE/plugins/com.st.stm32cube.ide.mcu.externaltools.gnu-tools-for-stm32.14.3.rel1.win32_1.0.100.202602081740/tools/bin/../lib/gcc/arm-none-eabi/14.3.1/thumb/v8-m.main+fp/hard/crtbegin.o

.bss            0x2000000c       0x20 load address 0x08002569
                0x2000000c                        _sbss = .
                0x2000000c                        __bss_start__ = _sbss
 *(.bss)
 .bss           0x2000000c       0x1c G:/STM32CubeIDE_2.2.0/STM32CubeIDE/plugins/com.st.stm32cube.ide.mcu.externaltools.gnu-tools-for-stm32.14.3.rel1.win32_1.0.100.202602081740/tools/bin/../lib/gcc/arm-none-eabi/14.3.1/thumb/v8-m.main+fp/hard/crtbegin.o
 *(.bss*)
 .bss.uwTick    0x20000028        0x4 ./Drivers/STM32U5xx_HAL_Driver/Src/stm32u5xx_hal.o
                0x20000028                uwTick
 *(COMMON)
                0x2000002c                        _ebss = .
                0x2000002c                        __bss_end__ = _ebss

._user_heap_stack
                0x2000002c      0x604 load address 0x08002569
                0x20000030                        . = ALIGN (0x8)
 *fill*         0x2000002c        0x4 
                [!provide]                        PROVIDE (end = .)
                0x20000030                        PROVIDE (_end = .)
                0x20000230                        . = (. + _Min_Heap_Size)
 *fill*         0x20000030      0x200 
                0x20000630                        . = (. + _Min_Stack_Size)
 *fill*         0x20000230      0x400 
                0x20000630                        . = ALIGN (0x8)

/DISCARD/
 libc.a(*)
 libm.a(*)
 libgcc.a(*)

.ARM.attributes
                0x00000000       0x36
 *(.ARM.attributes)
 .ARM.attributes
                0x00000000       0x26 G:/STM32CubeIDE_2.2.0/STM32CubeIDE/plugins/com.st.stm32cube.ide.mcu.externaltools.gnu-tools-for-stm32.14.3.rel1.win32_1.0.100.202602081740/tools/bin/../lib/gcc/arm-none-eabi/14.3.1/thumb/v8-m.main+fp/hard/crti.o
 .ARM.attributes
                0x00000026       0x38 G:/STM32CubeIDE_2.2.0/STM32CubeIDE/plugins/com.st.stm32cube.ide.mcu.externaltools.gnu-tools-for-stm32.14.3.rel1.win32_1.0.100.202602081740/tools/bin/../lib/gcc/arm-none-eabi/14.3.1/thumb/v8-m.main+fp/hard/crtbegin.o
 .ARM.attributes
                0x0000005e       0x3a ./Core/Src/main.o
 .ARM.attributes
                0x00000098       0x3a ./Core/Src/stm32u5xx_hal_msp.o
 .ARM.attributes
                0x000000d2       0x3a ./Core/Src/stm32u5xx_it.o
 .ARM.attributes
                0x0000010c       0x3a ./Core/Src/system_stm32u5xx.o
 .ARM.attributes
                0x00000146       0x24 ./Core/Startup/startup_stm32u575vgtx.o
 .ARM.attributes
                0x0000016a       0x3a ./Drivers/STM32U5xx_HAL_Driver/Src/stm32u5xx_hal.o
 .ARM.attributes
                0x000001a4       0x3a ./Drivers/STM32U5xx_HAL_Driver/Src/stm32u5xx_hal_cortex.o
 .ARM.attributes
                0x000001de       0x3a ./Drivers/STM32U5xx_HAL_Driver/Src/stm32u5xx_hal_gpio.o
 .ARM.attributes
                0x00000218       0x3a ./Drivers/STM32U5xx_HAL_Driver/Src/stm32u5xx_hal_pwr_ex.o
 .ARM.attributes
                0x00000252       0x3a ./Drivers/STM32U5xx_HAL_Driver/Src/stm32u5xx_hal_rcc.o
 .ARM.attributes
                0x0000028c       0x38 G:/STM32CubeIDE_2.2.0/STM32CubeIDE/plugins/com.st.stm32cube.ide.mcu.externaltools.gnu-tools-for-stm32.14.3.rel1.win32_1.0.100.202602081740/tools/bin/../lib/gcc/arm-none-eabi/14.3.1/../../../../arm-none-eabi/lib/thumb/v8-m.main+fp/hard\libc_nano.a(libc_a-memset.o)
 .ARM.attributes
                0x000002c4       0x38 G:/STM32CubeIDE_2.2.0/STM32CubeIDE/plugins/com.st.stm32cube.ide.mcu.externaltools.gnu-tools-for-stm32.14.3.rel1.win32_1.0.100.202602081740/tools/bin/../lib/gcc/arm-none-eabi/14.3.1/../../../../arm-none-eabi/lib/thumb/v8-m.main+fp/hard\libc_nano.a(libc_a-init.o)
 .ARM.attributes
                0x000002fc       0x26 G:/STM32CubeIDE_2.2.0/STM32CubeIDE/plugins/com.st.stm32cube.ide.mcu.externaltools.gnu-tools-for-stm32.14.3.rel1.win32_1.0.100.202602081740/tools/bin/../lib/gcc/arm-none-eabi/14.3.1/thumb/v8-m.main+fp/hard/crtn.o
OUTPUT(Day1_2.elf elf32-littlearm)
LOAD linker stubs
LOAD G:/STM32CubeIDE_2.2.0/STM32CubeIDE/plugins/com.st.stm32cube.ide.mcu.externaltools.gnu-tools-for-stm32.14.3.rel1.win32_1.0.100.202602081740/tools/bin/../lib/gcc/arm-none-eabi/14.3.1/../../../../arm-none-eabi/lib/thumb/v8-m.main+fp/hard\libc.a
LOAD G:/STM32CubeIDE_2.2.0/STM32CubeIDE/plugins/com.st.stm32cube.ide.mcu.externaltools.gnu-tools-for-stm32.14.3.rel1.win32_1.0.100.202602081740/tools/bin/../lib/gcc/arm-none-eabi/14.3.1/../../../../arm-none-eabi/lib/thumb/v8-m.main+fp/hard\libm.a
LOAD G:/STM32CubeIDE_2.2.0/STM32CubeIDE/plugins/com.st.stm32cube.ide.mcu.externaltools.gnu-tools-for-stm32.14.3.rel1.win32_1.0.100.202602081740/tools/bin/../lib/gcc/arm-none-eabi/14.3.1/thumb/v8-m.main+fp/hard\libgcc.a

.debug_info     0x00000000     0x67f5
 .debug_info    0x00000000      0x8bc ./Core/Src/main.o
 .debug_info    0x000008bc      0x40c ./Core/Src/stm32u5xx_hal_msp.o
 .debug_info    0x00000cc8      0x128 ./Core/Src/stm32u5xx_it.o
 .debug_info    0x00000df0      0x929 ./Core/Src/system_stm32u5xx.o
 .debug_info    0x00001719       0x30 ./Core/Startup/startup_stm32u575vgtx.o
 .debug_info    0x00001749     0x11ec ./Drivers/STM32U5xx_HAL_Driver/Src/stm32u5xx_hal.o
 .debug_info    0x00002935     0x1639 ./Drivers/STM32U5xx_HAL_Driver/Src/stm32u5xx_hal_cortex.o
 .debug_info    0x00003f6e      0x859 ./Drivers/STM32U5xx_HAL_Driver/Src/stm32u5xx_hal_gpio.o
 .debug_info    0x000047c7      0xe3e ./Drivers/STM32U5xx_HAL_Driver/Src/stm32u5xx_hal_pwr_ex.o
 .debug_info    0x00005605     0x11f0 ./Drivers/STM32U5xx_HAL_Driver/Src/stm32u5xx_hal_rcc.o

.debug_abbrev   0x00000000     0x11be
 .debug_abbrev  0x00000000      0x21a ./Core/Src/main.o
 .debug_abbrev  0x0000021a       0xde ./Core/Src/stm32u5xx_hal_msp.o
 .debug_abbrev  0x000002f8       0x73 ./Core/Src/stm32u5xx_it.o
 .debug_abbrev  0x0000036b      0x129 ./Core/Src/system_stm32u5xx.o
 .debug_abbrev  0x00000494       0x24 ./Core/Startup/startup_stm32u575vgtx.o
 .debug_abbrev  0x000004b8      0x2a5 ./Drivers/STM32U5xx_HAL_Driver/Src/stm32u5xx_hal.o
 .debug_abbrev  0x0000075d      0x327 ./Drivers/STM32U5xx_HAL_Driver/Src/stm32u5xx_hal_cortex.o
 .debug_abbrev  0x00000a84      0x25a ./Drivers/STM32U5xx_HAL_Driver/Src/stm32u5xx_hal_gpio.o
 .debug_abbrev  0x00000cde      0x215 ./Drivers/STM32U5xx_HAL_Driver/Src/stm32u5xx_hal_pwr_ex.o
 .debug_abbrev  0x00000ef3      0x2cb ./Drivers/STM32U5xx_HAL_Driver/Src/stm32u5xx_hal_rcc.o

.debug_aranges  0x00000000      0x6b0
 .debug_aranges
                0x00000000       0x38 ./Core/Src/main.o
 .debug_aranges
                0x00000038       0x20 ./Core/Src/stm32u5xx_hal_msp.o
 .debug_aranges
                0x00000058       0x60 ./Core/Src/stm32u5xx_it.o
 .debug_aranges
                0x000000b8       0x28 ./Core/Src/system_stm32u5xx.o
 .debug_aranges
                0x000000e0       0x28 ./Core/Startup/startup_stm32u575vgtx.o
 .debug_aranges
                0x00000108      0x148 ./Drivers/STM32U5xx_HAL_Driver/Src/stm32u5xx_hal.o
 .debug_aranges
                0x00000250      0x140 ./Drivers/STM32U5xx_HAL_Driver/Src/stm32u5xx_hal_cortex.o
 .debug_aranges
                0x00000390       0x78 ./Drivers/STM32U5xx_HAL_Driver/Src/stm32u5xx_hal_gpio.o
 .debug_aranges
                0x00000408      0x200 ./Drivers/STM32U5xx_HAL_Driver/Src/stm32u5xx_hal_pwr_ex.o
 .debug_aranges
                0x00000608       0xa8 ./Drivers/STM32U5xx_HAL_Driver/Src/stm32u5xx_hal_rcc.o

.debug_rnglists
                0x00000000      0x4ee
 .debug_rnglists
                0x00000000       0x27 ./Core/Src/main.o
 .debug_rnglists
                0x00000027       0x13 ./Core/Src/stm32u5xx_hal_msp.o
 .debug_rnglists
                0x0000003a       0x43 ./Core/Src/stm32u5xx_it.o
 .debug_rnglists
                0x0000007d       0x1a ./Core/Src/system_stm32u5xx.o
 .debug_rnglists
                0x00000097       0x19 ./Core/Startup/startup_stm32u575vgtx.o
 .debug_rnglists
                0x000000b0       0xf3 ./Drivers/STM32U5xx_HAL_Driver/Src/stm32u5xx_hal.o
 .debug_rnglists
                0x000001a3       0xec ./Drivers/STM32U5xx_HAL_Driver/Src/stm32u5xx_hal_cortex.o
 .debug_rnglists
                0x0000028f       0x5a ./Drivers/STM32U5xx_HAL_Driver/Src/stm32u5xx_hal_gpio.o
 .debug_rnglists
                0x000002e9      0x186 ./Drivers/STM32U5xx_HAL_Driver/Src/stm32u5xx_hal_pwr_ex.o
 .debug_rnglists
                0x0000046f       0x7f ./Drivers/STM32U5xx_HAL_Driver/Src/stm32u5xx_hal_rcc.o

.debug_macro    0x00000000    0x2f45b
 .debug_macro   0x00000000      0x24f ./Core/Src/main.o
 .debug_macro   0x0000024f      0xade ./Core/Src/main.o
 .debug_macro   0x00000d2d      0x1ef ./Core/Src/main.o
 .debug_macro   0x00000f1c       0x2e ./Core/Src/main.o
 .debug_macro   0x00000f4a       0x42 ./Core/Src/main.o
 .debug_macro   0x00000f8c       0x22 ./Core/Src/main.o
 .debug_macro   0x00000fae       0x8e ./Core/Src/main.o
 .debug_macro   0x0000103c       0x51 ./Core/Src/main.o
 .debug_macro   0x0000108d      0x103 ./Core/Src/main.o
 .debug_macro   0x00001190       0x6a ./Core/Src/main.o
 .debug_macro   0x000011fa      0x1df ./Core/Src/main.o
 .debug_macro   0x000013d9       0x1c ./Core/Src/main.o
 .debug_macro   0x000013f5       0x29 ./Core/Src/main.o
 .debug_macro   0x0000141e       0xfb ./Core/Src/main.o
 .debug_macro   0x00001519     0x1685 ./Core/Src/main.o
 .debug_macro   0x00002b9e       0x5e ./Core/Src/main.o
 .debug_macro   0x00002bfc    0x22791 ./Core/Src/main.o
 .debug_macro   0x0002538d       0x6d ./Core/Src/main.o
 .debug_macro   0x000253fa     0x393e ./Core/Src/main.o
 .debug_macro   0x00028d38      0x190 ./Core/Src/main.o
 .debug_macro   0x00028ec8       0x61 ./Core/Src/main.o
 .debug_macro   0x00028f29       0x2a ./Core/Src/main.o
 .debug_macro   0x00028f53       0x43 ./Core/Src/main.o
 .debug_macro   0x00028f96       0x34 ./Core/Src/main.o
 .debug_macro   0x00028fca      0x364 ./Core/Src/main.o
 .debug_macro   0x0002932e       0x16 ./Core/Src/main.o
 .debug_macro   0x00029344       0x4a ./Core/Src/main.o
 .debug_macro   0x0002938e       0x34 ./Core/Src/main.o
 .debug_macro   0x000293c2       0x10 ./Core/Src/main.o
 .debug_macro   0x000293d2       0x58 ./Core/Src/main.o
 .debug_macro   0x0002942a       0x8e ./Core/Src/main.o
 .debug_macro   0x000294b8       0x1c ./Core/Src/main.o
 .debug_macro   0x000294d4      0x17e ./Core/Src/main.o
 .debug_macro   0x00029652      0x19b ./Core/Src/main.o
 .debug_macro   0x000297ed       0x5d ./Core/Src/main.o
 .debug_macro   0x0002984a     0x1ae5 ./Core/Src/main.o
 .debug_macro   0x0002b32f      0x7dc ./Core/Src/main.o
 .debug_macro   0x0002bb0b      0x166 ./Core/Src/main.o
 .debug_macro   0x0002bc71      0x2aa ./Core/Src/main.o
 .debug_macro   0x0002bf1b      0x5a5 ./Core/Src/main.o
 .debug_macro   0x0002c4c0      0x439 ./Core/Src/main.o
 .debug_macro   0x0002c8f9       0xd6 ./Core/Src/main.o
 .debug_macro   0x0002c9cf      0x1cd ./Core/Src/main.o
 .debug_macro   0x0002cb9c      0x432 ./Core/Src/main.o
 .debug_macro   0x0002cfce       0x95 ./Core/Src/main.o
 .debug_macro   0x0002d063      0x11c ./Core/Src/main.o
 .debug_macro   0x0002d17f      0x525 ./Core/Src/main.o
 .debug_macro   0x0002d6a4      0x4bf ./Core/Src/main.o
 .debug_macro   0x0002db63      0x1c0 ./Core/Src/main.o
 .debug_macro   0x0002dd23      0x361 ./Core/Src/main.o
 .debug_macro   0x0002e084      0x24f ./Core/Src/stm32u5xx_hal_msp.o
 .debug_macro   0x0002e2d3      0x259 ./Core/Src/stm32u5xx_it.o
 .debug_macro   0x0002e52c      0x24c ./Core/Src/system_stm32u5xx.o
 .debug_macro   0x0002e778      0x269 ./Drivers/STM32U5xx_HAL_Driver/Src/stm32u5xx_hal.o
 .debug_macro   0x0002e9e1      0x245 ./Drivers/STM32U5xx_HAL_Driver/Src/stm32u5xx_hal_cortex.o
 .debug_macro   0x0002ec26      0x27a ./Drivers/STM32U5xx_HAL_Driver/Src/stm32u5xx_hal_gpio.o
 .debug_macro   0x0002eea0      0x270 ./Drivers/STM32U5xx_HAL_Driver/Src/stm32u5xx_hal_pwr_ex.o
 .debug_macro   0x0002f110      0x34b ./Drivers/STM32U5xx_HAL_Driver/Src/stm32u5xx_hal_rcc.o

.debug_line     0x00000000     0x740c
 .debug_line    0x00000000      0x8c6 ./Core/Src/main.o
 .debug_line    0x000008c6      0x80b ./Core/Src/stm32u5xx_hal_msp.o
 .debug_line    0x000010d1      0x8bb ./Core/Src/stm32u5xx_it.o
 .debug_line    0x0000198c      0x910 ./Core/Src/system_stm32u5xx.o
 .debug_line    0x0000229c       0x79 ./Core/Startup/startup_stm32u575vgtx.o
 .debug_line    0x00002315      0xcb5 ./Drivers/STM32U5xx_HAL_Driver/Src/stm32u5xx_hal.o
 .debug_line    0x00002fca      0xe5f ./Drivers/STM32U5xx_HAL_Driver/Src/stm32u5xx_hal_cortex.o
 .debug_line    0x00003e29      0xdbe ./Drivers/STM32U5xx_HAL_Driver/Src/stm32u5xx_hal_gpio.o
 .debug_line    0x00004be7     0x118a ./Drivers/STM32U5xx_HAL_Driver/Src/stm32u5xx_hal_pwr_ex.o
 .debug_line    0x00005d71     0x169b ./Drivers/STM32U5xx_HAL_Driver/Src/stm32u5xx_hal_rcc.o

.debug_str      0x00000000   0x129bb6
 .debug_str     0x00000000   0x129bb6 ./Core/Src/main.o
                             0x12735b (size before relaxing)
 .debug_str     0x00129bb6   0x127022 ./Core/Src/stm32u5xx_hal_msp.o
 .debug_str     0x00129bb6   0x126e6f ./Core/Src/stm32u5xx_it.o
 .debug_str     0x00129bb6   0x1271c5 ./Core/Src/system_stm32u5xx.o
 .debug_str     0x00129bb6       0x59 ./Core/Startup/startup_stm32u575vgtx.o
 .debug_str     0x00129bb6   0x12803b ./Drivers/STM32U5xx_HAL_Driver/Src/stm32u5xx_hal.o
 .debug_str     0x00129bb6   0x127e0a ./Drivers/STM32U5xx_HAL_Driver/Src/stm32u5xx_hal_cortex.o
 .debug_str     0x00129bb6   0x1271ea ./Drivers/STM32U5xx_HAL_Driver/Src/stm32u5xx_hal_gpio.o
 .debug_str     0x00129bb6   0x127905 ./Drivers/STM32U5xx_HAL_Driver/Src/stm32u5xx_hal_pwr_ex.o
 .debug_str     0x00129bb6   0x1288ba ./Drivers/STM32U5xx_HAL_Driver/Src/stm32u5xx_hal_rcc.o

.comment        0x00000000       0x43
 .comment       0x00000000       0x43 ./Core/Src/main.o
                                 0x44 (size before relaxing)
 .comment       0x00000043       0x44 ./Core/Src/stm32u5xx_hal_msp.o
 .comment       0x00000043       0x44 ./Core/Src/stm32u5xx_it.o
 .comment       0x00000043       0x44 ./Core/Src/system_stm32u5xx.o
 .comment       0x00000043       0x44 ./Drivers/STM32U5xx_HAL_Driver/Src/stm32u5xx_hal.o
 .comment       0x00000043       0x44 ./Drivers/STM32U5xx_HAL_Driver/Src/stm32u5xx_hal_cortex.o
 .comment       0x00000043       0x44 ./Drivers/STM32U5xx_HAL_Driver/Src/stm32u5xx_hal_gpio.o
 .comment       0x00000043       0x44 ./Drivers/STM32U5xx_HAL_Driver/Src/stm32u5xx_hal_pwr_ex.o
 .comment       0x00000043       0x44 ./Drivers/STM32U5xx_HAL_Driver/Src/stm32u5xx_hal_rcc.o

.debug_frame    0x00000000     0x176c
 .debug_frame   0x00000000       0x90 ./Core/Src/main.o
 .debug_frame   0x00000090       0x34 ./Core/Src/stm32u5xx_hal_msp.o
 .debug_frame   0x000000c4       0xf8 ./Core/Src/stm32u5xx_it.o
 .debug_frame   0x000001bc       0x50 ./Core/Src/system_stm32u5xx.o
 .debug_frame   0x0000020c      0x480 ./Drivers/STM32U5xx_HAL_Driver/Src/stm32u5xx_hal.o
 .debug_frame   0x0000068c      0x508 ./Drivers/STM32U5xx_HAL_Driver/Src/stm32u5xx_hal_cortex.o
 .debug_frame   0x00000b94      0x1c0 ./Drivers/STM32U5xx_HAL_Driver/Src/stm32u5xx_hal_gpio.o
 .debug_frame   0x00000d54      0x764 ./Drivers/STM32U5xx_HAL_Driver/Src/stm32u5xx_hal_pwr_ex.o
 .debug_frame   0x000014b8      0x268 ./Drivers/STM32U5xx_HAL_Driver/Src/stm32u5xx_hal_rcc.o
 .debug_frame   0x00001720       0x20 G:/STM32CubeIDE_2.2.0/STM32CubeIDE/plugins/com.st.stm32cube.ide.mcu.externaltools.gnu-tools-for-stm32.14.3.rel1.win32_1.0.100.202602081740/tools/bin/../lib/gcc/arm-none-eabi/14.3.1/../../../../arm-none-eabi/lib/thumb/v8-m.main+fp/hard\libc_nano.a(libc_a-memset.o)
 .debug_frame   0x00001740       0x2c G:/STM32CubeIDE_2.2.0/STM32CubeIDE/plugins/com.st.stm32cube.ide.mcu.externaltools.gnu-tools-for-stm32.14.3.rel1.win32_1.0.100.202602081740/tools/bin/../lib/gcc/arm-none-eabi/14.3.1/../../../../arm-none-eabi/lib/thumb/v8-m.main+fp/hard\libc_nano.a(libc_a-init.o)

.debug_line_str
                0x00000000       0x3d
 .debug_line_str
                0x00000000       0x3d ./Core/Startup/startup_stm32u575vgtx.o
